---
source: crates/compiler-test/src/lexer.rs
expression: token
---
[
    Token {
        lexeme: "fun",
        ty: FuncDecl,
        span: Span {
            start: 0,
            end: 2,
            line: 1,
            column: 1,
        },
    },
    Token {
        lexeme: "recp",
        ty: Identifier,
        span: Span {
            start: 4,
            end: 7,
            line: 1,
            column: 5,
        },
    },
    Token {
        lexeme: "nat",
        ty: NatDecl,
        span: Span {
            start: 9,
            end: 11,
            line: 1,
            column: 10,
        },
    },
    Token {
        lexeme: "x",
        ty: Identifier,
        span: Span {
            start: 13,
            end: 13,
            line: 1,
            column: 14,
        },
    },
    Token {
        lexeme: "nat",
        ty: NatDecl,
        span: Span {
            start: 15,
            end: 17,
            line: 1,
            column: 16,
        },
    },
    Token {
        lexeme: "i",
        ty: Identifier,
        span: Span {
            start: 19,
            end: 19,
            line: 1,
            column: 20,
        },
    },
    Token {
        lexeme: "nat",
        ty: NatDecl,
        span: Span {
            start: 21,
            end: 23,
            line: 1,
            column: 22,
        },
    },
    Token {
        lexeme: "j",
        ty: Identifier,
        span: Span {
            start: 25,
            end: 25,
            line: 1,
            column: 26,
        },
    },
    Token {
        lexeme: "->",
        ty: Arrow,
        span: Span {
            start: 27,
            end: 28,
            line: 1,
            column: 28,
        },
    },
    Token {
        lexeme: "x",
        ty: Identifier,
        span: Span {
            start: 31,
            end: 31,
            line: 2,
            column: 2,
        },
    },
    Token {
        lexeme: "=",
        ty: Equal,
        span: Span {
            start: 33,
            end: 33,
            line: 2,
            column: 4,
        },
    },
    Token {
        lexeme: "0",
        ty: Literal,
        span: Span {
            start: 35,
            end: 35,
            line: 2,
            column: 6,
        },
    },
    Token {
        lexeme: "&",
        ty: Ampersand,
        span: Span {
            start: 37,
            end: 37,
            line: 2,
            column: 8,
        },
    },
    Token {
        lexeme: "i",
        ty: Identifier,
        span: Span {
            start: 39,
            end: 39,
            line: 2,
            column: 10,
        },
    },
    Token {
        lexeme: "<",
        ty: Less,
        span: Span {
            start: 41,
            end: 41,
            line: 2,
            column: 12,
        },
    },
    Token {
        lexeme: "x",
        ty: Identifier,
        span: Span {
            start: 43,
            end: 43,
            line: 2,
            column: 14,
        },
    },
    Token {
        lexeme: "?",
        ty: QuestionMark,
        span: Span {
            start: 45,
            end: 45,
            line: 2,
            column: 16,
        },
    },
    Token {
        lexeme: "0",
        ty: Literal,
        span: Span {
            start: 47,
            end: 47,
            line: 2,
            column: 18,
        },
    },
    Token {
        lexeme: ":",
        ty: Colon,
        span: Span {
            start: 49,
            end: 49,
            line: 2,
            column: 20,
        },
    },
    Token {
        lexeme: "0",
        ty: Literal,
        span: Span {
            start: 52,
            end: 52,
            line: 3,
            column: 2,
        },
    },
    Token {
        lexeme: "<",
        ty: Less,
        span: Span {
            start: 54,
            end: 54,
            line: 3,
            column: 4,
        },
    },
    Token {
        lexeme: "x",
        ty: Identifier,
        span: Span {
            start: 56,
            end: 56,
            line: 3,
            column: 6,
        },
    },
    Token {
        lexeme: "&",
        ty: Ampersand,
        span: Span {
            start: 58,
            end: 58,
            line: 3,
            column: 8,
        },
    },
    Token {
        lexeme: "x",
        ty: Identifier,
        span: Span {
            start: 60,
            end: 60,
            line: 3,
            column: 10,
        },
    },
    Token {
        lexeme: "=",
        ty: Equal,
        span: Span {
            start: 62,
            end: 62,
            line: 3,
            column: 12,
        },
    },
    Token {
        lexeme: "i",
        ty: Identifier,
        span: Span {
            start: 64,
            end: 64,
            line: 3,
            column: 14,
        },
    },
    Token {
        lexeme: "?",
        ty: QuestionMark,
        span: Span {
            start: 66,
            end: 66,
            line: 3,
            column: 16,
        },
    },
    Token {
        lexeme: "j",
        ty: Identifier,
        span: Span {
            start: 68,
            end: 68,
            line: 3,
            column: 18,
        },
    },
    Token {
        lexeme: ":",
        ty: Colon,
        span: Span {
            start: 70,
            end: 70,
            line: 3,
            column: 20,
        },
    },
    Token {
        lexeme: "(",
        ty: LeftParen,
        span: Span {
            start: 73,
            end: 73,
            line: 4,
            column: 2,
        },
    },
    Token {
        lexeme: "recp",
        ty: Identifier,
        span: Span {
            start: 74,
            end: 77,
            line: 4,
            column: 3,
        },
    },
    Token {
        lexeme: "x",
        ty: Identifier,
        span: Span {
            start: 79,
            end: 79,
            line: 4,
            column: 8,
        },
    },
    Token {
        lexeme: "i",
        ty: Identifier,
        span: Span {
            start: 81,
            end: 81,
            line: 4,
            column: 10,
        },
    },
    Token {
        lexeme: "+",
        ty: Plus,
        span: Span {
            start: 82,
            end: 82,
            line: 4,
            column: 11,
        },
    },
    Token {
        lexeme: "1",
        ty: Literal,
        span: Span {
            start: 83,
            end: 83,
            line: 4,
            column: 12,
        },
    },
    Token {
        lexeme: "j",
        ty: Identifier,
        span: Span {
            start: 85,
            end: 85,
            line: 4,
            column: 14,
        },
    },
    Token {
        lexeme: "+",
        ty: Plus,
        span: Span {
            start: 86,
            end: 86,
            line: 4,
            column: 15,
        },
    },
    Token {
        lexeme: "1",
        ty: Literal,
        span: Span {
            start: 87,
            end: 87,
            line: 4,
            column: 16,
        },
    },
    Token {
        lexeme: ")",
        ty: RightParen,
        span: Span {
            start: 88,
            end: 88,
            line: 4,
            column: 17,
        },
    },
    Token {
        lexeme: ";",
        ty: Semicolon,
        span: Span {
            start: 90,
            end: 90,
            line: 5,
            column: 1,
        },
    },
    Token {
        lexeme: "fun",
        ty: FuncDecl,
        span: Span {
            start: 92,
            end: 94,
            line: 6,
            column: 1,
        },
    },
    Token {
        lexeme: "pred",
        ty: Identifier,
        span: Span {
            start: 96,
            end: 99,
            line: 6,
            column: 5,
        },
    },
    Token {
        lexeme: "nat",
        ty: NatDecl,
        span: Span {
            start: 101,
            end: 103,
            line: 6,
            column: 10,
        },
    },
    Token {
        lexeme: "x",
        ty: Identifier,
        span: Span {
            start: 105,
            end: 105,
            line: 6,
            column: 14,
        },
    },
    Token {
        lexeme: "->",
        ty: Arrow,
        span: Span {
            start: 107,
            end: 108,
            line: 6,
            column: 16,
        },
    },
    Token {
        lexeme: "T",
        ty: Literal,
        span: Span {
            start: 110,
            end: 110,
            line: 6,
            column: 19,
        },
    },
    Token {
        lexeme: "?",
        ty: QuestionMark,
        span: Span {
            start: 112,
            end: 112,
            line: 6,
            column: 21,
        },
    },
    Token {
        lexeme: "(",
        ty: LeftParen,
        span: Span {
            start: 114,
            end: 114,
            line: 6,
            column: 23,
        },
    },
    Token {
        lexeme: "recp",
        ty: Identifier,
        span: Span {
            start: 115,
            end: 118,
            line: 6,
            column: 24,
        },
    },
    Token {
        lexeme: "x",
        ty: Identifier,
        span: Span {
            start: 120,
            end: 120,
            line: 6,
            column: 29,
        },
    },
    Token {
        lexeme: "1",
        ty: Literal,
        span: Span {
            start: 122,
            end: 122,
            line: 6,
            column: 31,
        },
    },
    Token {
        lexeme: "0",
        ty: Literal,
        span: Span {
            start: 124,
            end: 124,
            line: 6,
            column: 33,
        },
    },
    Token {
        lexeme: ")",
        ty: RightParen,
        span: Span {
            start: 125,
            end: 125,
            line: 6,
            column: 34,
        },
    },
    Token {
        lexeme: ":",
        ty: Colon,
        span: Span {
            start: 127,
            end: 127,
            line: 6,
            column: 36,
        },
    },
    Token {
        lexeme: "0",
        ty: Literal,
        span: Span {
            start: 129,
            end: 129,
            line: 6,
            column: 38,
        },
    },
    Token {
        lexeme: ";",
        ty: Semicolon,
        span: Span {
            start: 130,
            end: 130,
            line: 6,
            column: 39,
        },
    },
    Token {
        lexeme: "T",
        ty: Literal,
        span: Span {
            start: 132,
            end: 132,
            line: 7,
            column: 1,
        },
    },
    Token {
        lexeme: "?",
        ty: QuestionMark,
        span: Span {
            start: 134,
            end: 134,
            line: 7,
            column: 3,
        },
    },
    Token {
        lexeme: "(",
        ty: LeftParen,
        span: Span {
            start: 136,
            end: 136,
            line: 7,
            column: 5,
        },
    },
    Token {
        lexeme: "pred",
        ty: Identifier,
        span: Span {
            start: 137,
            end: 140,
            line: 7,
            column: 6,
        },
    },
    Token {
        lexeme: "2",
        ty: Literal,
        span: Span {
            start: 142,
            end: 142,
            line: 7,
            column: 11,
        },
    },
    Token {
        lexeme: ")",
        ty: RightParen,
        span: Span {
            start: 143,
            end: 143,
            line: 7,
            column: 12,
        },
    },
    Token {
        lexeme: ":",
        ty: Colon,
        span: Span {
            start: 145,
            end: 145,
            line: 7,
            column: 14,
        },
    },
    Token {
        lexeme: "0",
        ty: Literal,
        span: Span {
            start: 147,
            end: 147,
            line: 7,
            column: 16,
        },
    },
]
