---
source: crates/compiler-test/src/lexer.rs
expression: token
---
[
    Token {
        lexeme: "fun",
        ty: FuncDecl,
        span: Span {
            start: 0,
            end: 2,
            line: 1,
            column: 1,
        },
    },
    Token {
        lexeme: "fun1",
        ty: Identifier,
        span: Span {
            start: 4,
            end: 7,
            line: 1,
            column: 5,
        },
    },
    Token {
        lexeme: "2",
        ty: Literal,
        span: Span {
            start: 9,
            end: 9,
            line: 1,
            column: 10,
        },
    },
    Token {
        lexeme: "fun",
        ty: FuncDecl,
        span: Span {
            start: 10,
            end: 12,
            line: 1,
            column: 11,
        },
    },
    Token {
        lexeme: "1",
        ty: Literal,
        span: Span {
            start: 14,
            end: 14,
            line: 1,
            column: 15,
        },
    },
    Token {
        lexeme: "foo2bar3baz",
        ty: Identifier,
        span: Span {
            start: 15,
            end: 25,
            line: 1,
            column: 16,
        },
    },
    Token {
        lexeme: "4",
        ty: Literal,
        span: Span {
            start: 27,
            end: 27,
            line: 1,
            column: 28,
        },
    },
]
